// Jest Snapshot v1, https://goo.gl/fbAQLP

exports[`renders correctly 1`] = `
<div
  className="roomPanel"
>
  <span
    className="roomTitle"
  >
    Room 
  </span>
  <div
    className="selectorPanel"
  >
    <form>
      <div
        className="roomSelect"
      >
        <label
          htmlFor="roomAdult"
        >
          Adults
          <br />
          (18+)
        </label>
        <select
          aria-label="roomAdults"
          disabled={true}
          name="roomAdult"
          onChange={[Function]}
        >
          <option>
            1
          </option>
          <option>
            2
          </option>
        </select>
      </div>
      <div
        className="roomSelect"
      >
        <label
          htmlFor="roomChild"
        >
          Children
          <br />
          (0-17)
        </label>
        <select
          aria-label="roomChildren"
          disabled={true}
          name="roomChild"
          onChange={[Function]}
        >
          <option>
            0
          </option>
          <option>
            1
          </option>
          <option>
            2
          </option>
        </select>
      </div>
    </form>
  </div>
</div>
`;
